// Jest Snapshot v1, https://goo.gl/fbAQLP

exports[`renders Typography correctly: enzyme.mount 1`] = `
.emotion-0 {
  font-family: 'Helvetica Neue',sans-serif;
  font-size: 24px;
}

<UXPinWrapper>
  <ThemeProvider
    theme={
      Object {
        "borders": Object {
          "borderRadius": "3px",
          "borderStandard": "1px solid",
          "default": Object {
            "borderRadius": "3px",
            "borderStandard": "1px solid",
          },
        },
        "colors": Object {
          "button": Object {
            "error": Object {
              "case": "none",
              "fill": undefined,
              "stroke": undefined,
              "tint": "#FFFFFF",
            },
            "primary": Object {
              "case": "none",
              "fill": "#17384B",
              "stroke": "#2C546C",
              "tint": "#FFFFFF",
            },
            "secondary": Object {
              "case": "none",
              "fill": "transparent",
              "stroke": "#2C546C",
              "tint": "#17384B",
            },
            "success": Object {
              "case": "none",
              "fill": undefined,
              "stroke": undefined,
              "tint": "#FFFFFF",
            },
            "warning": Object {
              "case": "none",
              "fill": undefined,
              "stroke": undefined,
              "tint": "#FFFFFF",
            },
          },
        },
        "typography": Object {
          "fontFamily": "'Helvetica Neue', sans-serif",
          "lineHeightMultiplier": Object {},
          "size": Object {
            "l": 16,
            "m": 12,
            "s": 10,
            "xl": 24,
            "xs": 8,
            "xxl": 34,
            "xxxl": 50,
          },
          "weight": Object {
            "bold": 600,
            "light": 100,
            "regular": 300,
          },
        },
      }
    }
  >
    <TitleText>
      <Styled(h1)>
        <h1
          className="emotion-0 emotion-1"
        >
          Title Text
        </h1>
      </Styled(h1)>
    </TitleText>
  </ThemeProvider>
</UXPinWrapper>
`;
